## Your initial commit

1.  `zicso@zicso-the-king:~$ mkdir git-basic-exercises`
2.  `zicso@zicso-the-king:~$ cd git-basic-exercises`
3.  `zicso@zicso-the-king:~/git-basic-exercises$ ls -a`
    . ..
4.  `zicso@zicso-the-king:~/git-basic-exercises$ git init`
    Initialized empty Git repository in /home/lentswe/git-basic-exercises/.git/
    `zicso@zicso-the-king:~/git-basic-exercises$ ls -a`
    . .. .git
5.  `zicso@zicso-the-king:~/git-basic-exercises$ git status`
    On branch master
    No commits yet

    nothi`ng to commit (create/copy files and use "git add" to track)

6.  `zicso@zicso-the-king:~/git-basic-exercises$ touch README.md`
    `zicso@zicso-the-king:~/git-basic-exercises$ ls -a`
    . .. .git README.md
    zicso@zicso-the-king:~/git-basic-exercises$ git status
    On branch master

    No commits yet

    Untracked files:
    (use "git add <file>..." to include in what will be committed)

        README.md

    nothing added to commit but untracked files present (use "git add" to track)

7. `zicso@zicso-the-king:~/git-basic-exercises$ git log`
   fatal: your current branch 'master' does not have any commits yet
8. `zicso@zicso-the-king:~/git-basic-exercises$ git add README.md`
9. `zicso@zicso-the-king:~/git-basic-exercises$ git status`
   On branch master

    No commits yet

    Changes to be committed:
    (use "git rm --cached <file>..." to unstage)

        new file:   README.md

10. `zicso@zicso-the-king:~/git-basic-exercises$ git reset README.md`
    `zicso@zicso-the-king:~/git-basic-exercises$ git status`
    On branch master

    No commits yet

    Untracked files:
    (use "git add <file>..." to include in what will be committed)

        README.md

    nothing added to commit but untracked files present (use "git add" to track)

11. `zicso@zicso-the-king:~/git-basic-exercises$ git add README.md`
    `zicso@zicso-the-king:~/git-basic-exercises$ git commit -m "initial commit"`
    [master (root-commit) a074d99] initial commit
    1 file changed, 0 insertions(+), 0 deletions(-)
    create mode 100644 README.md

12. `zicso@zicso-the-king:~/git-basic-exercises$ git log`
    commit f3405b1df065eb1c6b04eaa3d1e08c2b0426c6e5
    Author: Lentswe215 <ephraimmamonong@gmail.com>
    Date:   Tue Jul 28 12:39:45 2020 +0200

        intial commit

    ***

## More commits

1.  `zicso@zicso-the-king:~/git-basic-exercises$ nano README.md`
2.  `zicso@zicso-the-king:~/git-basic-exercises$ cat README.md`
    This is example text
3.  `zicso@zicso-the-king:~/git-basic-exercises$ git status`
    On branch master
    Changes not staged for commit:
    (use "git add <file>..." to update what will be committed)
    (use "git checkout -- <file>..." to discard changes in working directory)

            modified:   README.md

    no changes added to commit (use "git add" and/or "git commit -a")

4. `zicso@zicso-the-king:~/git-basic-exercises$ git add README.md`
   `zicso@zicso-the-king:~/git-basic-exercises$ git commit -m "second commit"`
    [master 07344f3] second commit
    1 file changed, 1 insertion(+)

5.  `zicso@zicso-the-king:~/git-basic-exercises$ nano README.md` 
    `zicso@zicso-the-king:~/git-basic-exercises$ cat README.md`
    This is example text
    I have made changes
    `zicso@zicso-the-king:~/git-basic-exercises$ git add README.md `
    `zicso@zicso-the-king:~/git-basic-exercises$ git commit -m 'Third commit'`
    [master e60eb1e] Third commit
    1 file changed, 1 insertion(+)

--------------------------------------------------------------------------------------------------------------------------------

## Check this out

1. `zicso@zicso-the-king:~/git-basic-exercises$ git log`
    commit e60eb1e19e8e3542750f0482967b22d8a42efcc0 (HEAD -> master)
    Author: Lentswe215 <ephraimmamonong@gmail.com>
    Date:   Tue Jul 28 13:01:58 2020 +0200

        Third commit

    commit 3260b96b1de56d92c9b0bc8b0fbd2446b6bd8694
    Author: Lentswe215 <ephraimmamonong@gmail.com>
    Date:   Tue Jul 28 12:55:14 2020 +0200

        second commit

    commit f3405b1df065eb1c6b04eaa3d1e08c2b0426c6e5
    Author: Lentswe215 <ephraimmamonong@gmail.com>
    Date:   Tue Jul 28 12:39:45 2020 +0200

        intial commit 
3.  `zicso@zicso-the-king:~/git-basic-exercises$ git checkout 3260b96b1de56d92c9b0bc8b0fbd2446b6bd8694`
    Note: checking out '3260b96b1de56d92c9b0bc8b0fbd2446b6bd8694'.

    You are in 'detached HEAD' state. You can look around, make experimental
    changes and commit them, and you can discard any commits you make in this
    state without impacting any branches by performing another checkout.

    If you want to create a new branch to retain commits you create, you may
    do so (now or later) by using -b with the checkout command again. Example:

    git checkout -b <new-branch-name>

    HEAD is now at 3260b96 second commit
4. `zicso@zicso-the-king:~/git-basic-exercises$ cat README.md`
    This is example text
5. `zicso@zicso-the-king:~/git-basic-exercises$ git checkout master`
    Previous HEAD position was 3260b96 second commit
    Switched to branch 'master'
6. `zicso@zicso-the-king:~/git-basic-exercises$ cat README.md`
    This is example text
    I have made changes


## Branching

1. `zicso@zicso-the-king:~/git-basic-exercises$ git branch`
    * master
2. `zicso@zicso-the-king:~/git-basic-exercises$ git branch milkshake-flavours`
3. `zicso@zicso-the-king:~/git-basic-exercises$ git branch`
    * master
    milkshake-flavours

4.  `zicso@zicso-the-king:~/git-basic-exercises$ git checkout milkshake-flavours`
    Switched to branch 'milkshake-flavours'
    `zicso@zicso-the-king:~/git-basic-exercises$ git branch`
    master
    * milkshake-flavours
5.  `zicso@zicso-the-king:~/git-basic-exercises$ nano milkshakes.md`
6.  `zicso@zicso-the-king:~/git-basic-exercises$ git status`
    On branch milkshake-flavours
    Untracked files:
    (use "git add <file>..." to include in what will be committed)

            milkshakes.md

    nothing added to commit but untracked files present (use "git add" to track)

7.  `zicso@zicso-the-king:~/git-basic-exercises$ git add  milkshakes.md` 
    `zicso@zicso-the-king:~/git-basic-exercises$ git commit -m 'added initial flavours'`
    [milkshake-flavours 4fb10f3] added initial flavours
    1 file changed, 3 insertions(+)
    create mode 100644 milkshakes.md

8.  `zicso@zicso-the-king:~/git-basic-exercises$ git log`
    commit 4fb10f3cd4dbfb4b9fcd75e49123e33f05558546 (HEAD -> milkshake-flavours)
    Author: Lentswe215 <ephraimmamonong@gmail.com>
    Date:   Tue Jul 28 13:31:04 2020 +0200

        added initial flavours

    commit e60eb1e19e8e3542750f0482967b22d8a42efcc0 (master)
    Author: Lentswe215 <ephraimmamonong@gmail.com>
    Date:   Tue Jul 28 13:01:58 2020 +0200

        Third commit

    commit 3260b96b1de56d92c9b0bc8b0fbd2446b6bd8694
    Author: Lentswe215 <ephraimmamonong@gmail.com>
    Date:   Tue Jul 28 12:55:14 2020 +0200

        second commit

    commit f3405b1df065eb1c6b04eaa3d1e08c2b0426c6e5
    Author: Lentswe215 <ephraimmamonong@gmail.com>
    Date:   Tue Jul 28 12:39:45 2020 +0200

        intial commit

9.  `zicso@zicso-the-king:~/git-basic-exercises$ git checkout master` 
    Switched to branch 'master'
    `zicso@zicso-the-king:~/git-basic-exercises$ git log`
    commit e60eb1e19e8e3542750f0482967b22d8a42efcc0 (HEAD -> master)
    Author: Lentswe215 <ephraimmamonong@gmail.com>
    Date:   Tue Jul 28 13:01:58 2020 +0200

        Third commit

    commit 3260b96b1de56d92c9b0bc8b0fbd2446b6bd8694
    Author: Lentswe215 <ephraimmamonong@gmail.com>
    Date:   Tue Jul 28 12:55:14 2020 +0200

        second commit

    commit f3405b1df065eb1c6b04eaa3d1e08c2b0426c6e5
    Author: Lentswe215 <ephraimmamonong@gmail.com>
    Date:   Tue Jul 28 12:39:45 2020 +0200

        intial commit

10. `zicso@zicso-the-king:~/git-basic-exercises$ git branch history`
    `zicso@zicso-the-king:~/git-basic-exercises$ git checkout history` 
    Switched to branch 'history'
    `zicso@zicso-the-king:~/git-basic-exercises$ git log`
    commit e60eb1e19e8e3542750f0482967b22d8a42efcc0 (HEAD -> history, master)
    Author: Lentswe215 <ephraimmamonong@gmail.com>
    Date:   Tue Jul 28 13:01:58 2020 +0200

        Third commit

    commit 3260b96b1de56d92c9b0bc8b0fbd2446b6bd8694
    Author: Lentswe215 <ephraimmamonong@gmail.com>
    Date:   Tue Jul 28 12:55:14 2020 +0200

        second commit

    commit f3405b1df065eb1c6b04eaa3d1e08c2b0426c6e5
    Author: Lentswe215 <ephraimmamonong@gmail.com>
    Date:   Tue Jul 28 12:39:45 2020 +0200

        intial commit

11. `zicso@zicso-the-king:~/git-basic-exercises$ history > history.txt`
12. `zicso@zicso-the-king:~/git-basic-exercises$ git add history.txt`
    `zicso@zicso-the-king:~/git-basic-exercises$ git commit -m 'added history'`
    [history 89bbdb1] added history
    1 file changed, 1000 insertions(+)
    create mode 100644 history.txt
    `zicso@zicso-the-king:~/git-basic-exercises$ git log`
    commit 89bbdb1c3161f6dc7c0e1d18dad9ff78c8632972 (HEAD -> history)
    Author: Lentswe215 <ephraimmamonong@gmail.com>
    Date:   Tue Jul 28 13:38:44 2020 +0200

        added history

    commit e60eb1e19e8e3542750f0482967b22d8a42efcc0 (master)
    Author: Lentswe215 <ephraimmamonong@gmail.com>
    Date:   Tue Jul 28 13:01:58 2020 +0200

        Third commit

    commit 3260b96b1de56d92c9b0bc8b0fbd2446b6bd8694
    Author: Lentswe215 <ephraimmamonong@gmail.com>
    Date:   Tue Jul 28 12:55:14 2020 +0200

        second commit

    commit f3405b1df065eb1c6b04eaa3d1e08c2b0426c6e5
    Author: Lentswe215 <ephraimmamonong@gmail.com>
    Date:   Tue Jul 28 12:39:45 2020 +0200

        intial commit
13. `zicso@zicso-the-king:~/git-basic-exercises$ git checkout milkshake-flavours` 
    Switched to branch 'milkshake-flavours'
    zicso@zicso-the-king:~/git-basic-exercises$ git log
    commit 4fb10f3cd4dbfb4b9fcd75e49123e33f05558546 (HEAD -> milkshake-flavours)
    Author: Lentswe215 <ephraimmamonong@gmail.com>
    Date:   Tue Jul 28 13:31:04 2020 +0200

        added initial flavours

    commit e60eb1e19e8e3542750f0482967b22d8a42efcc0 (master)
    Author: Lentswe215 <ephraimmamonong@gmail.com>
    Date:   Tue Jul 28 13:01:58 2020 +0200

        Third commit

    commit 3260b96b1de56d92c9b0bc8b0fbd2446b6bd8694
    Author: Lentswe215 <ephraimmamonong@gmail.com>
    Date:   Tue Jul 28 12:55:14 2020 +0200

        second commit

    commit f3405b1df065eb1c6b04eaa3d1e08c2b0426c6e5
    Author: Lentswe215 <ephraimmamonong@gmail.com>
    Date:   Tue Jul 28 12:39:45 2020 +0200

        intial commit
14. `zicso@zicso-the-king:~/git-basic-exercises$ nano README.md`
    `zicso@zicso-the-king:~/git-basic-exercises$ git add README.md`
    `zicso@zicso-the-king:~/git-basic-exercises$ git commit -m 'random readme changes'`
    [milkshake-flavours c166bbf] random readme changes
    1 file changed, 1 insertion(+)
15. `zicso@zicso-the-king:~/git-basic-exercises$ git checkout history` 
    Switched to branch 'history'
    `zicso@zicso-the-king:~/git-basic-exercises$ cat README.md` 
    This is example text
    I have made changes

16. zicso@zicso-the-king:~/git-basic-exercises$ rm README.md 
    zicso@zicso-the-king:~/git-basic-exercises$ echo "booya" > README.md

17. zicso@zicso-the-king:~/git-basic-exercises$ git add README.md 
    zicso@zicso-the-king:~/git-basic-exercises$ git commit -m 'rewrote readme'
    [history 76ed783] rewrote readme
    1 file changed, 1 insertion(+), 2 deletions(-)

18. zicso@zicso-the-king:~/git-basic-exercises$ git checkout master
    Switched to branch 'master'



## Just make sure we are still on track

-  `zicso@zicso-the-king:~/git-basic-exercises$ git checkout master`
    'Already on 'master'
-   `zicso@zicso-the-king:~/git-basic-exercises$ ls`
    README.md
-   `zicso@zicso-the-king:~/git-basic-exercises$ git log`
    commit e60eb1e19e8e3542750f0482967b22d8a42efcc0 (HEAD -> master)
    Author: Lentswe215 <ephraimmamonong@gmail.com>
    Date:   Tue Jul 28 13:01:58 2020 +0200

        Third commit

    commit 3260b96b1de56d92c9b0bc8b0fbd2446b6bd8694
    Author: Lentswe215 <ephraimmamonong@gmail.com>
    Date:   Tue Jul 28 12:55:14 2020 +0200

        second commit

    commit f3405b1df065eb1c6b04eaa3d1e08c2b0426c6e5
    Author: Lentswe215 <ephraimmamonong@gmail.com>
    Date:   Tue Jul 28 12:39:45 2020 +0200

        intial commit

-   `zicso@zicso-the-king:~/git-basic-exercises$ git checkout milkshake-flavours`
    Switched to branch 'milkshake-flavours'
-   `zicso@zicso-the-king:~/git-basic-exercises$ ls`
    milkshakes.md  README.md
-   `zicso@zicso-the-king:~/git-basic-exercises$ git log`
    commit c166bbf9da0ae2a335ac762b09ecf24bbed17729 (HEAD -> milkshake-flavours)
    Author: Lentswe215 <ephraimmamonong@gmail.com>
    Date:   Tue Jul 28 13:43:43 2020 +0200

        random readme changes

    commit 4fb10f3cd4dbfb4b9fcd75e49123e33f05558546
    Author: Lentswe215 <ephraimmamonong@gmail.com>
    Date:   Tue Jul 28 13:31:04 2020 +0200

        added initial flavours

    commit e60eb1e19e8e3542750f0482967b22d8a42efcc0 (master)
    Author: Lentswe215 <ephraimmamonong@gmail.com>
    Date:   Tue Jul 28 13:01:58 2020 +0200

        Third commit

    commit 3260b96b1de56d92c9b0bc8b0fbd2446b6bd8694
    Author: Lentswe215 <ephraimmamonong@gmail.com>
    Date:   Tue Jul 28 12:55:14 2020 +0200

        second commit

    commit f3405b1df065eb1c6b04eaa3d1e08c2b0426c6e5
    Author: Lentswe215 <ephraimmamonong@gmail.com>
    Date:   Tue Jul 28 12:39:45 2020 +0200

        intial commit

-   `zicso@zicso-the-king:~/git-basic-exercises$ git checkout history`
    Switched to branch 'history'
-   `zicso@zicso-the-king:~/git-basic-exercises$ ls`
    history.txt README.md
-   `zicso@zicso-the-king:~/git-basic-exercises$ git log`
    commit 76ed7836cdb0b469d8c03d41c8a98494c1d40466 (HEAD -> history)
    Author: Lentswe215 <ephraimmamonong@gmail.com>
    Date:   Tue Jul 28 13:47:49 2020 +0200

        rewrote readme

    commit 89bbdb1c3161f6dc7c0e1d18dad9ff78c8632972
    Author: Lentswe215 <ephraimmamonong@gmail.com>
    Date:   Tue Jul 28 13:38:44 2020 +0200

        added history

    commit e60eb1e19e8e3542750f0482967b22d8a42efcc0 (master)
    Author: Lentswe215 <ephraimmamonong@gmail.com>
    Date:   Tue Jul 28 13:01:58 2020 +0200

        Third commit

    commit 3260b96b1de56d92c9b0bc8b0fbd2446b6bd8694
    Author: Lentswe215 <ephraimmamonong@gmail.com>
    Date:   Tue Jul 28 12:55:14 2020 +0200

        second commit

    commit f3405b1df065eb1c6b04eaa3d1e08c2b0426c6e5
    Author: Lentswe215 <ephraimmamonong@gmail.com>
    Date:   Tue Jul 28 12:39:45 2020 +0200

        intial commit

---

---Merging---

1.  `zicso@zicso-the-king:~/git-basic-exercises$ git checkout master`
    Switched to branch 'master'
    `zicso@zicso-the-king:~/git-basic-exercises$ git merge milkshake-flavours`
    Updating e60eb1e..c166bbf
    Fast-forward
    README.md     | 1 +
    milkshakes.md | 3 +++
    2 files changed, 4 insertions(+)
    create mode 100644 milkshakes.md

2.  `zicso@zicso-the-king:~/git-basic-exercises$ ls`
    milkshakes.md  README.md
    `zicso@zicso-the-king:~/git-basic-exercises$ git log`
    commit c166bbf9da0ae2a335ac762b09ecf24bbed17729 (HEAD -> master, milkshake-flavours)
    Author: Lentswe215 <ephraimmamonong@gmail.com>
    Date:   Tue Jul 28 13:43:43 2020 +0200

        random readme changes

    commit 4fb10f3cd4dbfb4b9fcd75e49123e33f05558546
    Author: Lentswe215 <ephraimmamonong@gmail.com>
    Date:   Tue Jul 28 13:31:04 2020 +0200

        added initial flavours

    commit e60eb1e19e8e3542750f0482967b22d8a42efcc0
    Author: Lentswe215 <ephraimmamonong@gmail.com>
    Date:   Tue Jul 28 13:01:58 2020 +0200

        Third commit

    commit 3260b96b1de56d92c9b0bc8b0fbd2446b6bd8694
    Author: Lentswe215 <ephraimmamonong@gmail.com>
    Date:   Tue Jul 28 12:55:14 2020 +0200

        second commit

    commit f3405b1df065eb1c6b04eaa3d1e08c2b0426c6e5
    Author: Lentswe215 <ephraimmamonong@gmail.com>
    Date:   Tue Jul 28 12:39:45 2020 +0200

        intial commit

3.  `zicso@zicso-the-king:~/git-basic-exercises$ git merge history`
    Auto-merging README.md
    CONFLICT (content): Merge conflict in README.md
    Automatic merge failed; fix conflicts and then commit the result.
    `zicso@zicso-the-king:~/git-basic-exercises$ git add README.md`
    `zicso@zicso-the-king:~/git-basic-exercises$ git status`
    On branch master
    All conflicts fixed but you are still merging.
    (use "git commit" to conclude merge)

    Changes to be committed:

            modified:   README.md
            new file:   history.txt

    `zicso@zicso-the-king:~/git-basic-exercises$ git commit -m 'resolved commit conflict'`
    [master 177fc2d] resolved commit conflict
    `zicso@zicso-the-king:~/git-basic-exercises$ ls`
    history.txt  milkshakes.md  README.md
    `zicso@zicso-the-king:~/git-basic-exercises$ git log`
    commit 177fc2d39fe8364a6a0bc51bf7d62ab9b1df285a (HEAD -> master)
    Merge: c166bbf 76ed783
    Author: Lentswe215 <ephraimmamonong@gmail.com>
    Date:   Tue Jul 28 14:07:44 2020 +0200

        resolved commit conflict

    commit 76ed7836cdb0b469d8c03d41c8a98494c1d40466 (history)
    Author: Lentswe215 <ephraimmamonong@gmail.com>
    Date:   Tue Jul 28 13:47:49 2020 +0200

        rewrote readme

    commit c166bbf9da0ae2a335ac762b09ecf24bbed17729 (milkshake-flavours)
    Author: Lentswe215 <ephraimmamonong@gmail.com>
    Date:   Tue Jul 28 13:43:43 2020 +0200

        random readme changes

    commit 89bbdb1c3161f6dc7c0e1d18dad9ff78c8632972
    Author: Lentswe215 <ephraimmamonong@gmail.com>
    Date:   Tue Jul 28 13:38:44 2020 +0200

        added history

    commit 4fb10f3cd4dbfb4b9fcd75e49123e33f05558546
    Author: Lentswe215 <ephraimmamonong@gmail.com>
    Date:   Tue Jul 28 13:31:04 2020 +0200

        added initial flavours

    commit e60eb1e19e8e3542750f0482967b22d8a42efcc0
    Author: Lentswe215 <ephraimmamonong@gmail.com>
    Date:   Tue Jul 28 13:01:58 2020 +0200

        Third commit

    commit 3260b96b1de56d92c9b0bc8b0fbd2446b6bd8694
    Author: Lentswe215 <ephraimmamonong@gmail.com>
    Date:   Tue Jul 28 12:55:14 2020 +0200

        second commit

    commit f3405b1df065eb1c6b04eaa3d1e08c2b0426c6e5
    Author: Lentswe215 <ephraimmamonong@gmail.com>
    Date:   Tue Jul 28 12:39:45 2020 +0200

        intial commit

4.  `zicso@zicso-the-king:~/git-basic-exercises$ git checkout milkshake-flavours` 
    Switched to branch 'milkshake-flavours'
    `zicso@zicso-the-king:~/git-basic-exercises$ git log`
    commit c166bbf9da0ae2a335ac762b09ecf24bbed17729 (HEAD -> milkshake-flavours)
    Author: Lentswe215 <ephraimmamonong@gmail.com>
    Date:   Tue Jul 28 13:43:43 2020 +0200

        random readme changes

    commit 4fb10f3cd4dbfb4b9fcd75e49123e33f05558546
    Author: Lentswe215 <ephraimmamonong@gmail.com>
    Date:   Tue Jul 28 13:31:04 2020 +0200

        added initial flavours

    commit e60eb1e19e8e3542750f0482967b22d8a42efcc0
    Author: Lentswe215 <ephraimmamonong@gmail.com>
    Date:   Tue Jul 28 13:01:58 2020 +0200

        Third commit

    commit 3260b96b1de56d92c9b0bc8b0fbd2446b6bd8694
    Author: Lentswe215 <ephraimmamonong@gmail.com>
    Date:   Tue Jul 28 12:55:14 2020 +0200

        second commit

    commit f3405b1df065eb1c6b04eaa3d1e08c2b0426c6e5
    Author: Lentswe215 <ephraimmamonong@gmail.com>
    Date:   Tue Jul 28 12:39:45 2020 +0200

        intial commit
5.  `zicso@zicso-the-king:~/git-basic-exercises$ git checkout history` 
    Switched to branch 'history'
    `zicso@zicso-the-king:~/git-basic-exercises$ git log`
    commit 76ed7836cdb0b469d8c03d41c8a98494c1d40466 (HEAD -> history)
    Author: Lentswe215 <ephraimmamonong@gmail.com>
    Date:   Tue Jul 28 13:47:49 2020 +0200

        rewrote readme

    commit 89bbdb1c3161f6dc7c0e1d18dad9ff78c8632972
    Author: Lentswe215 <ephraimmamonong@gmail.com>
    Date:   Tue Jul 28 13:38:44 2020 +0200

        added history

    commit e60eb1e19e8e3542750f0482967b22d8a42efcc0
    Author: Lentswe215 <ephraimmamonong@gmail.com>
    Date:   Tue Jul 28 13:01:58 2020 +0200

        Third commit

    commit 3260b96b1de56d92c9b0bc8b0fbd2446b6bd8694
    Author: Lentswe215 <ephraimmamonong@gmail.com>
    Date:   Tue Jul 28 12:55:14 2020 +0200

        second commit

    commit f3405b1df065eb1c6b04eaa3d1e08c2b0426c6e5
    Author: Lentswe215 <ephraimmamonong@gmail.com>
    Date:   Tue Jul 28 12:39:45 2020 +0200

        intial commit

6.  `zicso@zicso-the-king:~/git-basic-exercises$ git merge master`
    Updating 76ed783..177fc2d
    Fast-forward
    README.md     | 4 ++++
    milkshakes.md | 3 +++
    2 files changed, 7 insertions(+)
    create mode 100644 milkshakes.md

    `zicso@zicso-the-king:~/git-basic-exercises$ git log`
    commit 177fc2d39fe8364a6a0bc51bf7d62ab9b1df285a (HEAD -> history, master)
    Merge: c166bbf 76ed783
    Author: Lentswe215 <ephraimmamonong@gmail.com>
    Date:   Tue Jul 28 14:07:44 2020 +0200

        resolved commit conflict

    commit 76ed7836cdb0b469d8c03d41c8a98494c1d40466
    Author: Lentswe215 <ephraimmamonong@gmail.com>
    Date:   Tue Jul 28 13:47:49 2020 +0200

        rewrote readme

    commit c166bbf9da0ae2a335ac762b09ecf24bbed17729 (milkshake-flavours)
    Author: Lentswe215 <ephraimmamonong@gmail.com>
    Date:   Tue Jul 28 13:43:43 2020 +0200

        random readme changes

    commit 89bbdb1c3161f6dc7c0e1d18dad9ff78c8632972
    Author: Lentswe215 <ephraimmamonong@gmail.com>
    Date:   Tue Jul 28 13:38:44 2020 +0200

        added history

    commit 4fb10f3cd4dbfb4b9fcd75e49123e33f05558546
    Author: Lentswe215 <ephraimmamonong@gmail.com>
    Date:   Tue Jul 28 13:31:04 2020 +0200

        added initial flavours

    commit e60eb1e19e8e3542750f0482967b22d8a42efcc0
    Author: Lentswe215 <ephraimmamonong@gmail.com>
    Date:   Tue Jul 28 13:01:58 2020 +0200

        Third commit

    commit 3260b96b1de56d92c9b0bc8b0fbd2446b6bd8694
    Author: Lentswe215 <ephraimmamonong@gmail.com>
    Date:   Tue Jul 28 12:55:14 2020 +0200

        second commit

    commit f3405b1df065eb1c6b04eaa3d1e08c2b0426c6e5
    Author: Lentswe215 <ephraimmamonong@gmail.com>
    Date:   Tue Jul 28 12:39:45 2020 +0200

        intial commit

7.  `zicso@zicso-the-king:~/git-basic-exercises$ git checkout master `
    Switched to branch 'master'

    `zicso@zicso-the-king:~/git-basic-exercises$ git log`
    commit 177fc2d39fe8364a6a0bc51bf7d62ab9b1df285a (HEAD -> master, history)
    Merge: c166bbf 76ed783
    Author: Lentswe215 <ephraimmamonong@gmail.com>
    Date:   Tue Jul 28 14:07:44 2020 +0200

        resolved commit conflict

    commit 76ed7836cdb0b469d8c03d41c8a98494c1d40466
    Author: Lentswe215 <ephraimmamonong@gmail.com>
    Date:   Tue Jul 28 13:47:49 2020 +0200

        rewrote readme

    commit c166bbf9da0ae2a335ac762b09ecf24bbed17729 (milkshake-flavours)
    Author: Lentswe215 <ephraimmamonong@gmail.com>
    Date:   Tue Jul 28 13:43:43 2020 +0200

        random readme changes

    commit 89bbdb1c3161f6dc7c0e1d18dad9ff78c8632972
    Author: Lentswe215 <ephraimmamonong@gmail.com>
    Date:   Tue Jul 28 13:38:44 2020 +0200

        added history

    commit 4fb10f3cd4dbfb4b9fcd75e49123e33f05558546
    Author: Lentswe215 <ephraimmamonong@gmail.com>
    Date:   Tue Jul 28 13:31:04 2020 +0200

        added initial flavours

    commit e60eb1e19e8e3542750f0482967b22d8a42efcc0
    Author: Lentswe215 <ephraimmamonong@gmail.com>
    Date:   Tue Jul 28 13:01:58 2020 +0200

        Third commit

    commit 3260b96b1de56d92c9b0bc8b0fbd2446b6bd8694
    Author: Lentswe215 <ephraimmamonong@gmail.com>
    Date:   Tue Jul 28 12:55:14 2020 +0200

        second commit

    commit f3405b1df065eb1c6b04eaa3d1e08c2b0426c6e5
    Author: Lentswe215 <ephraimmamonong@gmail.com>
    Date:   Tue Jul 28 12:39:45 2020 +0200

        intial commit

---Pulling and remotes---

1.  `zicso@zicso-the-king:~/git-basic-exercises$ cd ../`
2.  `zicso@zicso-the-king:~$ git clone https://github.com/Umuzi-org/tech-department.git`
    Cloning into 'tech-department'...
    remote: Enumerating objects: 9755, done.
    remote: Counting objects: 100% (9755/9755), done.
    remote: Compressing objects: 100% (4721/4721), done.
    remote: Total 96494 (delta 4583), reused 9209 (delta 4235), pack-reused 86739
    Receiving objects: 100% (96494/96494), 150.42 MiB | 3.19 MiB/s, done.
    Resolving deltas: 100% (50287/50287), done.
    Checking out files: 100% (2351/2351), done.
3.  `zicso@zicso-the-king:~$ cd tech-department`
4.  `zicso@zicso-the-king:~/tech-department$ git branch`
    * master
    `zicso@zicso-the-king:~/tech-department$ git log`
    commit 92500d16adcbed1bb6536a2482e1ad4788063494 (HEAD -> master, origin/master, origin/HEAD)
    Author: Sheena O'Connell <sheena.oconnell@gmail.com>
    Date:   Tue Jul 28 09:33:26 2020 +0200

        changed options to flavours. It just makes more sense

    commit a89fdcbe703c4e26f76677649c5a4ea30215f503
    Merge: a953414c6 ab68f3740
    Author: Sheena O'Connell <sheena.oconnell@gmail.com>
    Date:   Mon Jul 27 09:50:46 2020 +0200

        Merge branch 'master' of github.com:Umuzi-org/tech-department

    commit a953414c6e1450ee07b5042de87ad15ba6046673
    Author: Sheena O'Connell <sheena.oconnell@gmail.com>
    Date:   Mon Jul 27 09:50:35 2020 +0200

        content options internally consistent enough to load content

    :
8. `zicso@zicso-the-king:~/tech-department$ git branch -a`
    * master
    remotes/origin/Animals2
    remotes/origin/Big_O
    remotes/origin/HEAD -> origin/master
    remotes/origin/LinuxChallengeUpdate
    remotes/origin/RuddyN-patch-1
    remotes/origin/SQL_updates
    remotes/origin/Sbuda32-patch-1
    remotes/origin/Sbuda32-patch-2-Java-Data-Structures-Project
    remotes/origin/Update_Java-Syllabus_Content
    remotes/origin/add-deep-work-schedule
    remotes/origin/add-intro-reactjs
    remotes/origin/add-js-resources
    remotes/origin/add-link-to-syllabus
    remotes/origin/add-topic-dotenv
    remotes/origin/add/research-topic
    remotes/origin/addCheatSheet
    remotes/origin/android-content
    remotes/origin/bentley-ritson-umuzi-patch-1
    remotes/origin/bentley-ritson-umuzi-patch-1-1
    remotes/origin/boot-4-project
    remotes/origin/bootcamp/c22/umuzi-user-journey
    remotes/origin/bridging-course
    remotes/origin/bridging-hard-skills
    remotes/origin/bridging-soft-skills
    remotes/origin/c17-plan
    remotes/origin/clean-code-java
    remotes/origin/clean-code-java-two
    remotes/origin/clean-code/python
    remotes/origin/clean-up-topic
    remotes/origin/clean-up-version-control-page
    remotes/origin/clean_code/python
    remotes/origin/coding_horrors_TDD_pitfalls
    remotes/origin/cohort-leader-sheet
    remotes/origin/collection-toipic
    remotes/origin/content-rating
    remotes/origin/create/agile_and_scrum_topic
    remotes/origin/create/expressjs-exercise
    remotes/origin/create/team_onboarding
    remotes/origin/data-structure-project
    remotes/origin/data_ethics_workshop
    remotes/origin/data_science_namechange
    remotes/origin/data_validation_python
    remotes/origin/data_wrangling_alternative
    remotes/origin/data_wrangling_simplify
    remotes/origin/database_intro
    remotes/origin/dataviz
    remotes/origin/delete_this_branch
    remotes/origin/design-patterns
    remotes/origin/dibwe_suggestions
    remotes/origin/ds/add-assertive-coding-to-week-by-week
    remotes/origin/ds_methodology
    remotes/origin/ds_unit_tests
    remotes/origin/ds_weekly_changes
    remotes/origin/environment_setup
    remotes/origin/ethics-workshop
    remotes/origin/exception-handling
    remotes/origin/feat-jasmine-spies
    remotes/origin/feat/classification_metrics
9. zicso@zicso-the-king:~/tech-department$ git checkout -b project/git-basic-exercises
   Switched to a new branch 'project/git-basic-exercises'
10. zicso@zicso-the-king:~/tech-department$ git remote -v
    origin https://github.com/Umuzi-org/tech-department.git (fetch)
    origin https://github.com/Umuzi-org/tech-department.git (push)

---

---Multiple Repos---

1.  zicso@zicso-the-king:~/tech-department$ git log
    commit 21769f6b4852e45f0d87716ce347fee271d93d74 (HEAD -> project/git-basic-exercises, origin/master, origin/HEAD, master)
    Author: Ryan O'Connell <ryan@oconnell.org.za>
    Date: Thu Oct 31 10:54:02 2019 +0200

        deploy

commit ff1ebfc354a379ab5d91a001e20229a886a1c9aa
Merge: eb1695e9 fe89c8e8
Author: sheenarbw <sheena.oconnell@gmail.com>
Date: Wed Oct 30 05:26:02 2019 +0200
commit 21769f6b4852e45f0d87716ce347fee271d93d74 (HEAD -> project/git-basic-exerc
ises, origin/master, origin/HEAD, master)
Author: Ryan O'Connell <ryan@oconnell.org.za>
Date: Thu Oct 31 10:54:02 2019 +0200

    deploy

commit ff1ebfc354a379ab5d91a001e20229a886a1c9aa
Merge: eb1695e9 fe89c8e8
Author: sheenarbw <sheena.oconnell@gmail.com>
Date: Wed Oct 30 05:26:02 2019 +0200

    Merge pull request #115 from Umuzi-org/update/clean_code_directory

    changed clean code directory and edited week by week syllabus

commit fe89c8e87eddfb3501bfdddf75111556e7a2de74 (origin/update/clean_code_directory)
Author: Ryan O'Connell <ryan@oconnell.org.za>
Date: Tue Oct 29 12:10:53 2019 +0200

    changed clean code directory and edited week by week syllabus

commit eb1695e931b47201fa80ed0f74ba499efa7c28d3
Merge: c93e4995 1578c83e
Author: sheenarbw <sheena.oconnell@gmail.com>
Date: Sat Oct 26 08:13:47 2019 +0200

    Merge pull request #89 from Umuzi-org/update/git_for_teamwork

2.  `zicso@zicso-the-king:~/tech-department$ cd ../git-basic-exercises`
    `zicso@zicso-the-king:~/git-basic-exercises$ git log`
    commit 177fc2d39fe8364a6a0bc51bf7d62ab9b1df285a (HEAD -> master, history)
    Merge: c166bbf 76ed783
    Author: Lentswe215 <ephraimmamonong@gmail.com>
    Date:   Tue Jul 28 14:07:44 2020 +0200

        resolved commit conflict

    commit 76ed7836cdb0b469d8c03d41c8a98494c1d40466
    Author: Lentswe215 <ephraimmamonong@gmail.com>
    Date:   Tue Jul 28 13:47:49 2020 +0200

        rewrote readme

    commit c166bbf9da0ae2a335ac762b09ecf24bbed17729 (milkshake-flavours)
    Author: Lentswe215 <ephraimmamonong@gmail.com>
    Date:   Tue Jul 28 13:43:43 2020 +0200

        random readme changes

    commit 89bbdb1c3161f6dc7c0e1d18dad9ff78c8632972
    Author: Lentswe215 <ephraimmamonong@gmail.com>
    Date:   Tue Jul 28 13:38:44 2020 +0200

        added history

    commit 4fb10f3cd4dbfb4b9fcd75e49123e33f05558546
    Author: Lentswe215 <ephraimmamonong@gmail.com>
    Date:   Tue Jul 28 13:31:04 2020 +0200

        added initial flavours

    commit e60eb1e19e8e3542750f0482967b22d8a42efcc0
    Author: Lentswe215 <ephraimmamonong@gmail.com>
    Date:   Tue Jul 28 13:01:58 2020 +0200

        Third commit

    commit 3260b96b1de56d92c9b0bc8b0fbd2446b6bd8694
    Author: Lentswe215 <ephraimmamonong@gmail.com>
    Date:   Tue Jul 28 12:55:14 2020 +0200

        second commit

    commit f3405b1df065eb1c6b04eaa3d1e08c2b0426c6e5
    Author: Lentswe215 <ephraimmamonong@gmail.com>
    Date:   Tue Jul 28 12:39:45 2020 +0200

        intial commit

3.  `zicso@zicso-the-king:~/git-basic-exercises$ cd`
    `zicso@zicso-the-king:~$ mkdir this-will-be-another-repo`

4.  `zicso@zicso-the-king:~$ cd this-will-be-another-repo`
    `zicso@zicso-the-king:~/this-will-be-another-repo$ git init`
    Initialized empty Git repository in /home/lentswe/this-will-be-another-repo/.git/
5.  zicso@zicso-the-king:~/this-will-be-another-repo$ touch README.md
    zicso@zicso-the-king:~/this-will-be-another-repo$ git add README.md
    zicso@zicso-the-king:~/this-will-be-another-repo$ git commit -m "initial commit"
    [master (root-commit) 56a1afc] initial commit
    1 file changed, 0 insertions(+), 0 deletions(-)
    create mode 100644 README.md
6.  zicso@zicso-the-king:~/this-will-be-another-repo$ cd ../git-basic-exercises
    zicso@zicso-the-king:~/git-basic-exercises$ git log
    commit 51b0d76e06ca084ccf60fdf1f9a07a62ad1293cf (HEAD -> master, origin/master, origin/history, history)
    Merge: ab6b0ba 4b3aafb
    Author: Lentswe Mamonong <ephraimmamonong@gmail.com>
    Date: Thu Oct 31 12:05:46 2019 +0200

            Resolved merge conflict.

    commit 4b3aafbca7cd06b52970fd7ea42fed33ec30d7e4
    Author: Lentswe Mamonong <ephraimmamonong@gmail.com>
    Date: Thu Oct 31 09:44:27 2019 +0200

        rewrote readme

    commit ab6b0baf55b12b1000a63d74e71cc0abe5342181 (origin/milkshake-flavours, milkshake-flavours)
    Author: Lentswe Mamonong <ephraimmamonong@gmail.com>
    Date: Thu Oct 31 09:27:33 2019 +0200

        random readme changes

    commit 4460013d6210181bd95ee2a8472511d41f53dcba
    Author: Lentswe Mamonong <ephraimmamonong@gmail.com>
    Date: Thu Oct 31 09:16:36 2019 +0200

        added history

    commit ca614ad9d61d39b82a3965690ec0eb5ff153dd30
    Author: Lentswe Mamonong <ephraimmamonong@gmail.com>
    Date: Thu Oct 31 08:59:14 2019 +0200

        added initial flavours

**********************************\*\***********************************\_\_\_\_**********************************\*\***********************************--

## gitignore

1.  `zicso@zicso-the-king:~/git-basic-exercises$ touch ignore-me.db`
2.  `zicso@zicso-the-king:~/git-basic-exercises$ git status`
    On branch master
    Your branch is up to date with 'origin/master'.

    Untracked files:
    (use "git add <file>..." to include in what will be committed)

        ignore-me.db

    nothing added to commit but untracked files present (use "git add" to track)

3.  `zicso@zicso-the-king:~/git-basic-exercises$ nano .gitignore`
4.  `zicso@zicso-the-king:~/git-basic-exercises$ git status`
    On branch master
    Your branch is up to date with 'origin/master'.

    Untracked files:
    (use "git add <file>..." to include in what will be committed)

        .gitignore

    nothing added to commit but untracked files present (use "git add" to track)

6. zicso@zicso-the-king:~/git-basic-exercises$ mkdir large-directory-that-should-be-local-only
7. zicso@zicso-the-king:~/git-basic-exercises$ cd large-directory-that-should-be-local-only/
zicso@zicso-the-king:~/git-basic-exercises/large-directory-that-should-be-local-only$ nano README.md
8. zicso@zicso-the-king:~/git-basic-exercises/large-directory-that-should-be-local-only$ cd ..
9. zicso@zicso-the-king:~/git-basic-exercises$ nano .gitignore
10. zicso@zicso-the-king:~/git-basic-exercises$ git status
    On branch master
    Your branch is up to date with 'origin/master'.

Untracked files:
(use "git add <file>..." to include in what will be committed)

    .gitignore

nothing added to commit but untracked files present (use "git add" to track)
